============================= test session starts =============================
platform win32 -- Python 3.10.11, pytest-9.0.2, pluggy-1.6.0 -- C:\Users\User\AppData\Local\Programs\Python\Python310\python.exe
cachedir: .pytest_cache
rootdir: C:\Users\User\Documents\smart talker\SmartTalker
plugins: anyio-4.12.1, asyncio-1.3.0
asyncio: mode=strict, debug=False, asyncio_default_fixture_loop_scope=None, asyncio_default_test_loop_scope=function
collecting ... collected 322 items / 321 deselected / 1 skipped / 1 selected
run-last-failure: rerun previous 1 failure

tests/test_utils.py::TestStorageManager::test_clear_all FAILED           [100%]

================================== FAILURES ===================================
______________________ TestStorageManager.test_clear_all ______________________

self = <tests.test_utils.TestStorageManager object at 0x000001C8D822F130>
config = Settings(app_name='SmartTalker', app_env='development', debug=True, log_level='DEBUG', database_url='sqlite+aiosqlite:..._servers='stun:stun.l.google.com:19302', webrtc_turn_server=None, webrtc_turn_username=None, webrtc_turn_password=None)

    def test_clear_all(self, config):
        """clear_all removes all files in subdirectories."""
        from src.integrations.storage import StorageManager
        manager = StorageManager(config)
    
        # Create files in multiple subdirs
        (config.storage_base_dir / "tts" / "a.wav").write_bytes(b"\x00")
>       (config.storage_base_dir / "video" / "b.mp4").write_bytes(b"\x00")

tests\test_utils.py:311: 
_ _ _ _ _ _ _ _ _ _ _ _ _ _ _ _ _ _ _ _ _ _ _ _ _ _ _ _ _ _ _ _ _ _ _ _ _ _ _ _
..\..\..\AppData\Local\Programs\Python\Python310\lib\pathlib.py:1143: in write_bytes
    with self.open(mode='wb') as f:
_ _ _ _ _ _ _ _ _ _ _ _ _ _ _ _ _ _ _ _ _ _ _ _ _ _ _ _ _ _ _ _ _ _ _ _ _ _ _ _

self = WindowsPath('C:/Users/User/AppData/Local/Temp/pytest-of-User/pytest-112/test_clear_all0/outputs/video/b.mp4')
mode = 'wb', buffering = -1, encoding = None, errors = None, newline = None

    def open(self, mode='r', buffering=-1, encoding=None,
             errors=None, newline=None):
        """
        Open the file pointed by this path and return a file object, as
        the built-in open() function does.
        """
        if "b" not in mode:
            encoding = io.text_encoding(encoding)
>       return self._accessor.open(self, mode, buffering, encoding, errors,
                                   newline)
E       FileNotFoundError: [Errno 2] No such file or directory: 'C:\\Users\\User\\AppData\\Local\\Temp\\pytest-of-User\\pytest-112\\test_clear_all0\\outputs\\video\\b.mp4'

..\..\..\AppData\Local\Programs\Python\Python310\lib\pathlib.py:1119: FileNotFoundError
---------------------------- Captured stdout call -----------------------------
{"timestamp": "2026-03-02T09:18:54", "level": "INFO", "module": "integrations.storage", "message": "StorageManager initialized", "base_dir": "C:\\Users\\User\\AppData\\Local\\Temp\\pytest-of-User\\pytest-112\\test_clear_all0\\outputs", "max_age_hours": 24}
============================== warnings summary ===============================
..\..\..\AppData\Local\Programs\Python\Python310\lib\site-packages\pythonjsonlogger\jsonlogger.py:11
  C:\Users\User\AppData\Local\Programs\Python\Python310\lib\site-packages\pythonjsonlogger\jsonlogger.py:11: DeprecationWarning: pythonjsonlogger.jsonlogger has been moved to pythonjsonlogger.json
    warnings.warn(

-- Docs: https://docs.pytest.org/en/stable/how-to/capture-warnings.html
=========================== short test summary info ===========================
FAILED tests/test_utils.py::TestStorageManager::test_clear_all - FileNotFoundError: [Errno 2] No such file or directory: 'C:\\Users\\User\\AppData\\Local\\Temp\\pytest-of-User\\pytest-112\\test_clear_all0\\outputs\\video\\b.mp4'
=========== 1 failed, 1 skipped, 321 deselected, 1 warning in 0.68s ===========
